C51 COMPILER V9.60.0.0   MAIN                                                              08/10/2021 16:47:22 PAGE 1   


C51 COMPILER V9.60.0.0, COMPILATION OF MODULE MAIN
OBJECT MODULE PLACED IN .\Objects\main.obj
COMPILER INVOKED BY: S:\Keil_v5\C51\BIN\C51.EXE main.c OPTIMIZE(8,SPEED) BROWSE DEBUG OBJECTEXTEND PRINT(.\Listings\main
                    -.lst) TABS(2) OBJECT(.\Objects\main.obj)

line level    source

   1          /*
   2          01_LED
   3              功能
   4                  LED闪烁和流水灯
   5              目的
   6                  1 了解寄存器
   7                  2 学习快捷方便的一些操作
   8          */
   9          
  10          #include "reg52.h" // reg52.h此文件中定义了单片机的一些特殊功能寄存器
  11          
  12          typedef unsigned int u16; //对数据类型进行声明定义
  13          typedef unsigned char u8;
  14          
  15          #define led P2 //将P2口定义为led 后面就可以使用led代替P2口
  16          /*sbit led=P2^0:将单片机的P0.0端口定义为led*/
  17          
  18          /*******************************************************************************
  19          * 函 数 名       : delay
  20          * 函数功能     : 延时函数
  21          * 输    入       : unsigned int
  22          * 输    出       : 无
  23          * 注      ：i=1时，大约延时10us
  24          *******************************************************************************/
  25          void delay(u16 i);
  26          
  27          /*******************************************************************************
  28          * 函 数 名       : main
  29          * 函数功能     : 主函数
  30          * 输    入       : 
  31          * 输    出       : 
  32          *******************************************************************************/
  33          void main(void)
  34          {
  35   1        u8 i;
  36   1      
  37   1        while (1)
  38   1        {
  39   2          led = 0XFF;
  40   2      
  41   2          for (i = 0; i < 16; i++)
  42   2          {
  43   3            led = ~led;
  44   3            delay(50000); //大约延时450ms
  45   3          }
  46   2          for (i = 0; i < 8; i++)
  47   2          {
  48   3            led = ~(0X01 << i); //将1右移i位，然后将结果赋值到P2口
  49   3            delay(50000);
  50   3          }
  51   2        }
  52   1      }
  53          
  54          void delay(u16 i)
C51 COMPILER V9.60.0.0   MAIN                                                              08/10/2021 16:47:22 PAGE 2   

  55          {
  56   1        while (i--)
  57   1          ;
  58   1      }
  59          
  60          // 2021年1月10号15点00分


MODULE INFORMATION:   STATIC OVERLAYABLE
   CODE SIZE        =     83    ----
   CONSTANT SIZE    =   ----    ----
   XDATA SIZE       =   ----    ----
   PDATA SIZE       =   ----    ----
   DATA SIZE        =   ----       1
   IDATA SIZE       =   ----    ----
   BIT SIZE         =   ----    ----
END OF MODULE INFORMATION.


C51 COMPILATION COMPLETE.  0 WARNING(S),  0 ERROR(S)
