C51 COMPILER V9.60.0.0   MAIN                                                              06/27/2022 01:56:59 PAGE 1   


C51 COMPILER V9.60.0.0, COMPILATION OF MODULE MAIN
OBJECT MODULE PLACED IN .\Objects\main.obj
COMPILER INVOKED BY: S:\Keil_v5\C51\BIN\C51.EXE Core\Src\main.c OPTIMIZE(8,SPEED) BROWSE INCDIR(.\Core\Inc;.\Drivers\Inc
                    -) DEBUG OBJECTEXTEND PRINT(.\Listings\main.lst) TABS(2) OBJECT(.\Objects\main.obj)

line level    source

   1          /*
   2          09_wiegang读卡LCD1602显示
   3              功能
   4                  通过读卡器读卡，LCD1602显示信息
   5              目的
   6                  练习LCD显示，读卡器的使用
   7          */
   8          #include <main.h>
   9          
  10          ////////////////////////////////////////////////////////////////////////////////
  11          typedef unsigned int u16;
  12          typedef unsigned char u8;
  13          
  14          u8 DisplayData[26] = ""; // 记录26位字符串
  15          
  16          /******************************************************************************
  17           *函数名称：main( )
  18           *函数功能：主函数
  19           *入口函数：无
  20           *出口函数：无
  21           ****************************************************************************/
  22          void main()
  23          {
  24   1          initial();
  25   1          LcdInit();
  26   1      
  27   1          while (1)
  28   1          {
  29   2              // if (rf_card->state == 1)
  30   2              // {
  31   2              //     u8 i;
  32   2      
  33   2              //     rf_card->global_var = 0;
  34   2              //     rf_card->state = 0;
  35   2              //     for (i = 0; i < 26; i++)
  36   2              //     {
  37   2              //         DisplayData[i] = rf_card->wiegand[i];
  38   2              //     }
  39   2              //     EA = 0;
  40   2              //     LcdPrintf(DisplayData);
  41   2              //     EA = 1;
  42   2              // }
  43   2          }
  44   1      }
  45          
  46          // 2022年6月26号11点35分


MODULE INFORMATION:   STATIC OVERLAYABLE
   CODE SIZE        =      8    ----
   CONSTANT SIZE    =   ----    ----
   XDATA SIZE       =   ----    ----
   PDATA SIZE       =   ----    ----
   DATA SIZE        =     29    ----
C51 COMPILER V9.60.0.0   MAIN                                                              06/27/2022 01:56:59 PAGE 2   

   IDATA SIZE       =   ----    ----
   BIT SIZE         =   ----    ----
END OF MODULE INFORMATION.


C51 COMPILATION COMPLETE.  0 WARNING(S),  0 ERROR(S)
